// Jest Snapshot v1, https://goo.gl/fbAQLP

exports[`<Preloader /> component should match the snapshot 1`] = `
<div
  className="preloader"
>
  <div
    className="preloader4"
  />
</div>
`;
